// Jest Snapshot v1, https://goo.gl/fbAQLP

exports[`test news api endpoint returns a list of news stories 1`] = `
Array [
  <li
    data-testid="article-li"
  >
    TITLE: 
    Everything Apple Announced Today: New iMacs, iPads, AirTags
    BY: 
    Gear Team
    DESCRIPTION: 
    Say hello to new iMacs, new iPads Pro, an updated Apple TV, and some little wireless trackers that keep tabs on your tchotchkes.
  </li>,
  <li
    data-testid="article-li"
  >
    TITLE: 
    Daily Crunch: Lemonade says website security flaw that exposed customer data is ‘by design’
    BY: 
    Henry Pickavet
    DESCRIPTION: 
    Hello friends and welcome to Daily Crunch, bringing you the most important startup, tech and venture capital news in a single package.
  </li>,
  <li
    data-testid="article-li"
  >
    TITLE: 
    The Daily Crunch: Chime will stop calling itself a bank to settle complaint by CA regulators
    BY: 
    Richard Dal Porto
    DESCRIPTION: 
    Hello friends and welcome to Daily Crunch, bringing you the most important startup, tech and venture capital news in a single package.
  </li>,
  <li
    data-testid="article-li"
  >
    TITLE: 
    Daily Crunch: The early-stage tech talent crunch is real
    BY: 
    Richard Dal Porto
    DESCRIPTION: 
    Hello friends and welcome to Daily Crunch, bringing you the most important startup, tech and venture capital news in a single package.
  </li>,
  <li
    data-testid="article-li"
  >
    TITLE: 
    Daily Crunch: As tech stocks lose their luster, SPACs are on the rise
    BY: 
    Richard Dal Porto
    DESCRIPTION: 
    Hello friends and welcome to Daily Crunch, bringing you the most important startup, tech and venture capital news in a single package.
  </li>,
  <li
    data-testid="article-li"
  >
    TITLE: 
    After Bullying Reports, Scott Rudin Will Step Away From Broadway
    BY: 
    Michael Paulson
    DESCRIPTION: 
    The powerful producer of “Hello, Dolly!” and “The Book of Mormon” regrets “the pain my behavior caused” and says others will directly run his shows.
  </li>,
  <li
    data-testid="article-li"
  >
    TITLE: 
    Scott Rudin to Step Back From Broadway Amid Bullying Reports
    BY: 
    Michael Paulson
    DESCRIPTION: 
    The powerful producer of “Hello, Dolly!” and “The Book of Mormon” regrets “the pain my behavior caused” and says others will directly run his shows.
  </li>,
  <li
    data-testid="article-li"
  >
    TITLE: 
    Disney Imagineering’s Project Kiwi is free walking robot that will make you believe in Groot
    BY: 
    Matthew Panzarino
    DESCRIPTION: 
    The black curtain pulls aside and a character straight out of the movies waves hello. This is not an uncommon occurrence when I’m around Imagineers, but this time is special. The character isn’t a costume, it’s a robot. And, unlike the m​any animatronic figur…
  </li>,
  <li
    data-testid="article-li"
  >
    TITLE: 
    Equity Monday: Social media crackdowns, earnings, and a funding deluge
    BY: 
    Alex Wilhelm
    DESCRIPTION: 
    Hello and welcome back to Equity, TechCrunch’s venture capital-focused podcast where we unpack the numbers behind the headlines. This is Equity Monday, our weekly kickoff that tracks the latest private market news, talks about the coming week, digs into some …
  </li>,
  <li
    data-testid="article-li"
  >
    TITLE: 
    Equity Monday: TechCrunch goes Yahoo while welding robots raise $56M
    BY: 
    Alex Wilhelm
    DESCRIPTION: 
    Hello and welcome back to Equity, TechCrunch’s venture capital-focused podcast where we unpack the numbers behind the headlines. This is Equity Monday, our weekly kickoff that tracks the latest private market news, talks about the coming week, digs into some …
  </li>,
  <li
    data-testid="article-li"
  >
    TITLE: 
    Equity Monday: Dogecoin is passé, but student notes are big business
    BY: 
    Alex Wilhelm
    DESCRIPTION: 
    Hello and welcome back to Equity, TechCrunch’s venture capital-focused podcast where we unpack the numbers behind the headlines. This is Equity Monday, our weekly kickoff that tracks the latest private market news, talks about the coming week, digs into some …
  </li>,
  <li
    data-testid="article-li"
  >
    TITLE: 
    Duolingo swipes Tinder in a Clash Royale
    BY: 
    Natasha Mascarenhas
    DESCRIPTION: 
    Hello and welcome back to Equity, TechCrunch’s venture capital-focused podcast, where we unpack the numbers behind the headlines. For this week’s deep dive, Alex and Danny unpacked Natasha‘s latest project: The Duolingo EC-1. The 12,000 word four-part series …
  </li>,
  <li
    data-testid="article-li"
  >
    TITLE: 
    Equity Monday: Clubhouse, UiPath, and the crypto flash crash
    BY: 
    Alex Wilhelm
    DESCRIPTION: 
    Hello and welcome back to Equity, TechCrunch’s venture capital-focused podcast where we unpack the numbers behind the headlines. This is Equity Monday, our weekly kickoff that tracks the latest private market news, talks about the coming week, digs into some …
  </li>,
  <li
    data-testid="article-li"
  >
    TITLE: 
    No one is talking about remote work from space
    BY: 
    Natasha Mascarenhas
    DESCRIPTION: 
    Hello and welcome back to Equity, TechCrunch’s venture capital-focused podcast, where we unpack the numbers behind the headlines. First and foremost, Equity was nominated a Webby for “Best Technology Podcast”!!! Drop everything and go Vote for Equity! We’d ap…
  </li>,
  <li
    data-testid="article-li"
  >
    TITLE: 
    In a room with no smart speaker, Alexa can’t hear you scream
    BY: 
    Natasha Mascarenhas
    DESCRIPTION: 
    Hello and welcome back to Equity, TechCrunch’s venture capital-focused podcast where we unpack the numbers behind the headlines. For this week’s deep dive Natasha and Alex and Danny and Chris dove into the world of audio. Sure, you’ve heard of Clubhouse, but …
  </li>,
  <li
    data-testid="article-li"
  >
    TITLE: 
    Elon Musk giveth and taketh away
    BY: 
    Lucas Matney
    DESCRIPTION: 
    Hello friends, and welcome back to Week in Review! Last week, I wrote about Facebook’s never-ending Trump problem. This week, I’m looking at Elon Musk’s wild week of whipping crypto markets. If you’re reading this on the TechCrunch site, you can get this in y…
  </li>,
  <li
    data-testid="article-li"
  >
    TITLE: 
    The Station: Exits at Waymo and Bird’s SPAC reveals its scooter-nomics
    BY: 
    Kirsten Korosec
    DESCRIPTION: 
    The Station is a weekly newsletter dedicated to all things transportation. Sign up here — just click The Station — to receive it every weekend in your inbox. Hello and welcome back to The Station, a weekly newsletter dedicated to all the ways people and packa…
  </li>,
  <li
    data-testid="article-li"
  >
    TITLE: 
    Apple's colorful new iMacs feature a sleeker design and the M1 chip
    BY: 
    https://www.engadget.com/about/editors/devindra-hardawar
    DESCRIPTION: 
    Apple's M1 chip is finally making its way to iMacs, along with a slew of other long-awaited upgrades.
  </li>,
  <li
    data-testid="article-li"
  >
    TITLE: 
    New AI-based game teaches families the basics of American Sign Language
    BY: 
    Chase DiBenedetto
    DESCRIPTION: 
    Singing along to the ABC's is one of the first lessons we get as kids (whether or not you stick to the original or new-fangled version). 
For families with deaf and hard of hearing children, that lesson isn't any less important, with visual languages replacin…
  </li>,
  <li
    data-testid="article-li"
  >
    TITLE: 
    Google's AR character selection now includes Pac-Man, Hello Kitty
    BY: 
    Michael Allison
    DESCRIPTION: 
    It's available on all Android phones running Nougat and above.



What you need to know


Google has now added some of the most popular Japanese pop culture characters to AR search.
You'll now find icons like Pac-Man, Ultraman, and Hello Kitty present via AR …
  </li>,
]
`;
